// Jest Snapshot v1, https://goo.gl/fbAQLP

exports[`App should match the snapshot 1`] = `
"<body>
  <Route path=\\"/\\" render={[Function: render]} />
  <Route exact={true} path=\\"/\\" render={[Function: render]} />
  <Route path=\\"/login\\" render={[Function: render]} />
  <Route path=\\"/movies/:id\\" render={[Function: render]} />
</body>"
`;
