// Jest Snapshot v1, https://goo.gl/fbAQLP

exports[`MovieShowPage MovieShowPage component Should match the snapshot 1`] = `
"<main>
  <article>
    <img className=\\"movie-backdrop\\" src=\\"url.com\\" alt=\\"large banner with characters from film\\" />
    <section className=\\"show-page-info\\">
      <h2>
        Jumanji: The Next Level
      </h2>
      <h3>
        2019-12-04
      </h3>
      <h3>
        Average Rating: 
        6
      </h3>
      <h3>
        Sign in to rate
      </h3>
      <div />
      <p>
        description
      </p>
    </section>
  </article>
</main>"
`;

exports[`MovieShowPage MovieShowPage component should match the snapshot with no rating match 1`] = `
"<main>
  <article>
    <img className=\\"movie-backdrop\\" src=\\"url.com\\" alt=\\"large banner with characters from film\\" />
    <section className=\\"show-page-info\\">
      <h2>
        Jumanji: The Next Level
      </h2>
      <h3>
        2019-12-04
      </h3>
      <h3>
        Average Rating: 
        6
      </h3>
      <h3>
        Sign in to rate
      </h3>
      <div />
      <p>
        description
      </p>
    </section>
  </article>
</main>"
`;
